Component: Arm Compiler for Embedded 6.22 Tool: armlink [5ee90200]

==============================================================================

Section Cross References

    startup_lpc17xx.o(STACK) refers (Special) to heapauxi.o(.text) for __use_two_region_memory
    startup_lpc17xx.o(HEAP) refers (Special) to heapauxi.o(.text) for __use_two_region_memory
    startup_lpc17xx.o(RESET) refers (Special) to heapauxi.o(.text) for __use_two_region_memory
    startup_lpc17xx.o(RESET) refers to startup_lpc17xx.o(STACK) for __initial_sp
    startup_lpc17xx.o(RESET) refers to startup_lpc17xx.o(.text) for Reset_Handler
    startup_lpc17xx.o(RESET) refers to irq_timer.o(.text) for TIMER0_IRQHandler
    startup_lpc17xx.o(RESET) refers to irq_button.o(.text) for EINT0_IRQHandler
    startup_lpc17xx.o(RESET) refers to irq_rit.o(.text) for RIT_IRQHandler
    startup_lpc17xx.o(.ARM.__at_0x02FC) refers (Special) to heapauxi.o(.text) for __use_two_region_memory
    startup_lpc17xx.o(.text) refers (Special) to heapauxi.o(.text) for __use_two_region_memory
    startup_lpc17xx.o(.text) refers to __main.o(!!!main) for __main
    startup_lpc17xx.o(.text) refers to startup_lpc17xx.o(HEAP) for Heap_Mem
    startup_lpc17xx.o(.text) refers to startup_lpc17xx.o(STACK) for Stack_Mem
    sample.o(.text) refers to system_lpc17xx.o(.text) for SystemInit
    sample.o(.text) refers to lib_rit.o(.text) for init_RIT
    sample.o(.text) refers to lib_button.o(.text) for BUTTON_init
    sample.o(.text) refers to lib_joystick.o(.text) for joystick_init
    sample.o(.text) refers to glcd.o(.text) for LCD_Initialization
    sample.o(.text) refers to lib_timer.o(.text) for init_timer
    sample.o(.text) refers to game.o(.text) for pause
    sample.o(.ARM.exidx) refers to sample.o(.text) for [Anonymous Symbol]
    system_lpc17xx.o(.text) refers to system_lpc17xx.o(.data.SystemFrequency) for SystemFrequency
    system_lpc17xx.o(.ARM.exidx) refers to system_lpc17xx.o(.text) for [Anonymous Symbol]
    funct_led.o(.text) refers to funct_led.o(.rodata.led_mask) for led_mask
    funct_led.o(.text) refers to lib_led.o(.bss.led_value) for led_value
    funct_led.o(.ARM.exidx) refers to funct_led.o(.text) for [Anonymous Symbol]
    lib_led.o(.text) refers to lib_led.o(.bss.led_value) for led_value
    lib_led.o(.ARM.exidx) refers to lib_led.o(.text) for [Anonymous Symbol]
    irq_button.o(.text) refers to irq_rit.o(.bss.down_0) for down_0
    irq_button.o(.text) refers to irq_rit.o(.bss.down_1) for down_1
    irq_button.o(.text) refers to irq_rit.o(.bss.down_2) for down_2
    irq_button.o(.ARM.exidx) refers to irq_button.o(.text) for [Anonymous Symbol]
    lib_button.o(.ARM.exidx) refers to lib_button.o(.text) for [Anonymous Symbol]
    irq_timer.o(.text) refers to game.o(.text) for move_pacman
    irq_timer.o(.text) refers to game.o(.data.time) for time
    irq_timer.o(.text) refers to board.o(.text) for show_time
    irq_timer.o(.ARM.exidx) refers to irq_timer.o(.text) for [Anonymous Symbol]
    lib_timer.o(.ARM.exidx) refers to lib_timer.o(.text) for [Anonymous Symbol]
    irq_rit.o(.text) refers to irq_rit.o(.bss.RIT_IRQHandler.J_up) for RIT_IRQHandler.J_up
    irq_rit.o(.text) refers to game.o(.text) for set_direction
    irq_rit.o(.text) refers to irq_rit.o(.bss.RIT_IRQHandler.J_down) for RIT_IRQHandler.J_down
    irq_rit.o(.text) refers to irq_rit.o(.bss.RIT_IRQHandler.J_left) for RIT_IRQHandler.J_left
    irq_rit.o(.text) refers to irq_rit.o(.bss.RIT_IRQHandler.J_right) for RIT_IRQHandler.J_right
    irq_rit.o(.text) refers to irq_rit.o(.bss.down_0) for down_0
    irq_rit.o(.text) refers to game.o(.data.InPause) for InPause
    irq_rit.o(.text) refers to irq_rit.o(.bss.down_1) for down_1
    irq_rit.o(.text) refers to irq_rit.o(.bss.down_2) for down_2
    irq_rit.o(.text) refers to lib_rit.o(.text) for reset_RIT
    irq_rit.o(.ARM.exidx) refers to irq_rit.o(.text) for [Anonymous Symbol]
    lib_rit.o(.ARM.exidx) refers to lib_rit.o(.text) for [Anonymous Symbol]
    asciilib.o(.text) refers to asciilib.o(.rodata.AsciiLib) for AsciiLib
    asciilib.o(.ARM.exidx) refers to asciilib.o(.text) for [Anonymous Symbol]
    glcd.o(.text) refers to asciilib.o(.text) for GetASCIICode
    glcd.o(.ARM.exidx) refers to glcd.o(.text) for [Anonymous Symbol]
    hzlib.o(.text) refers to hzlib.o(.rodata.HzLib) for HzLib
    hzlib.o(.text) refers to rt_memcpy_v6.o(.text) for __aeabi_memcpy
    hzlib.o(.ARM.exidx) refers to hzlib.o(.text) for [Anonymous Symbol]
    board.o(.text) refers (Special) to _printf_percent.o(.ARM.Collect$$_printf_percent$$00000000) for _printf_percent
    board.o(.text) refers (Special) to _printf_d.o(.ARM.Collect$$_printf_percent$$00000009) for _printf_d
    board.o(.text) refers (Special) to _printf_dec.o(.text) for _printf_int_dec
    board.o(.text) refers to glcd.o(.text) for LCD_Clear
    board.o(.text) refers to game.o(.bss.score) for score
    board.o(.text) refers to board.o(.rodata.str1.1) for .L.str.2
    board.o(.text) refers to noretval__2sprintf.o(.text) for __2sprintf
    board.o(.text) refers to game.o(.data.time) for time
    board.o(.text) refers to board.o(.data.board) for board
    board.o(.text) refers to game.o(.data.cordX) for cordX
    board.o(.text) refers to game.o(.data.cordY) for cordY
    board.o(.text) refers to game.o(.text) for disableAll
    board.o(.ARM.exidx) refers (Special) to _printf_percent.o(.ARM.Collect$$_printf_percent$$00000000) for _printf_percent
    board.o(.ARM.exidx) refers (Special) to _printf_d.o(.ARM.Collect$$_printf_percent$$00000009) for _printf_d
    board.o(.ARM.exidx) refers (Special) to _printf_dec.o(.text) for _printf_int_dec
    board.o(.ARM.exidx) refers to board.o(.text) for [Anonymous Symbol]
    board.o(.data.board) refers (Special) to _printf_percent.o(.ARM.Collect$$_printf_percent$$00000000) for _printf_percent
    board.o(.data.board) refers (Special) to _printf_d.o(.ARM.Collect$$_printf_percent$$00000009) for _printf_d
    board.o(.data.board) refers (Special) to _printf_dec.o(.text) for _printf_int_dec
    board.o(.rodata.str1.1) refers (Special) to _printf_percent.o(.ARM.Collect$$_printf_percent$$00000000) for _printf_percent
    board.o(.rodata.str1.1) refers (Special) to _printf_d.o(.ARM.Collect$$_printf_percent$$00000009) for _printf_d
    board.o(.rodata.str1.1) refers (Special) to _printf_dec.o(.text) for _printf_int_dec
    game.o(.text) refers to game.o(.data.cordX) for cordX
    game.o(.text) refers to game.o(.data.cordY) for cordY
    game.o(.text) refers to board.o(.data.board) for board
    game.o(.text) refers to game.o(.data.direction) for direction
    game.o(.text) refers to board.o(.text) for draw_pacman
    game.o(.text) refers to game.o(.data.n_pills) for n_pills
    game.o(.text) refers to game.o(.bss.score) for score
    game.o(.text) refers to lib_rit.o(.text) for reset_RIT
    game.o(.text) refers to lib_timer.o(.text) for disable_timer
    game.o(.text) refers to glcd.o(.text) for LCD_Clear
    game.o(.ARM.exidx) refers to game.o(.text) for [Anonymous Symbol]
    funct_joystick.o(.text) refers to funct_led.o(.text) for LED_Out
    funct_joystick.o(.ARM.exidx) refers to funct_joystick.o(.text) for [Anonymous Symbol]
    lib_joystick.o(.ARM.exidx) refers to lib_joystick.o(.text) for [Anonymous Symbol]
    __2sprintf.o(.text) refers to _printf_char_common.o(.text) for _printf_char_common
    __2sprintf.o(.text) refers to _sputc.o(.text) for _sputc
    noretval__2sprintf.o(.text) refers to _printf_char_common.o(.text) for _printf_char_common
    noretval__2sprintf.o(.text) refers to _sputc.o(.text) for _sputc
    __printf.o(.text) refers to _printf_percent.o(.ARM.Collect$$_printf_percent$$00000000) for _printf_percent
    _printf_dec.o(.text) refers to _printf_intcommon.o(.text) for _printf_int_common
    __printf_flags.o(.text) refers to _printf_percent.o(.ARM.Collect$$_printf_percent$$00000000) for _printf_percent
    __printf_flags.o(.text) refers to __printf_flags.o(.constdata) for .constdata
    __printf_ss.o(.text) refers to _printf_percent.o(.ARM.Collect$$_printf_percent$$00000000) for _printf_percent
    __printf_flags_ss.o(.text) refers to _printf_percent.o(.ARM.Collect$$_printf_percent$$00000000) for _printf_percent
    __printf_flags_ss.o(.text) refers to __printf_flags_ss.o(.constdata) for .constdata
    __printf_wp.o(.text) refers to __printf_wp.o(i._is_digit) for _is_digit
    __printf_wp.o(.text) refers to _printf_percent.o(.ARM.Collect$$_printf_percent$$00000000) for _printf_percent
    __printf_flags_wp.o(.text) refers to __printf_wp.o(i._is_digit) for _is_digit
    __printf_flags_wp.o(.text) refers to _printf_percent.o(.ARM.Collect$$_printf_percent$$00000000) for _printf_percent
    __printf_flags_wp.o(.text) refers to __printf_flags_wp.o(.constdata) for .constdata
    __printf_ss_wp.o(.text) refers to __printf_wp.o(i._is_digit) for _is_digit
    __printf_ss_wp.o(.text) refers to _printf_percent.o(.ARM.Collect$$_printf_percent$$00000000) for _printf_percent
    __printf_flags_ss_wp.o(.text) refers to __printf_wp.o(i._is_digit) for _is_digit
    __printf_flags_ss_wp.o(.text) refers to _printf_percent.o(.ARM.Collect$$_printf_percent$$00000000) for _printf_percent
    __printf_flags_ss_wp.o(.text) refers to __printf_flags_ss_wp.o(.constdata) for .constdata
    _printf_d.o(.ARM.Collect$$_printf_percent$$00000009) refers (Weak) to _printf_dec.o(.text) for _printf_int_dec
    _printf_percent.o(.ARM.Collect$$_printf_percent$$00000000) refers (Special) to _printf_percent_end.o(.ARM.Collect$$_printf_percent$$00000017) for _printf_percent_end
    rt_memcpy_v6.o(.text) refers to rt_memcpy_w.o(.text) for __aeabi_memcpy4
    __main.o(!!!main) refers to __rtentry.o(.ARM.Collect$$rtentry$$00000000) for __rt_entry
    __rtentry.o(.ARM.Collect$$rtentry$$00000000) refers (Special) to __rtentry2.o(.ARM.Collect$$rtentry$$0000000A) for __rt_entry_li
    __rtentry.o(.ARM.Collect$$rtentry$$00000000) refers (Special) to __rtentry2.o(.ARM.Collect$$rtentry$$0000000D) for __rt_entry_main
    __rtentry.o(.ARM.Collect$$rtentry$$00000000) refers (Special) to __rtentry2.o(.ARM.Collect$$rtentry$$0000000C) for __rt_entry_postli_1
    __rtentry.o(.ARM.Collect$$rtentry$$00000000) refers (Special) to __rtentry2.o(.ARM.Collect$$rtentry$$00000009) for __rt_entry_postsh_1
    __rtentry.o(.ARM.Collect$$rtentry$$00000000) refers (Special) to __rtentry2.o(.ARM.Collect$$rtentry$$00000002) for __rt_entry_presh_1
    __rtentry.o(.ARM.Collect$$rtentry$$00000000) refers (Special) to __rtentry4.o(.ARM.Collect$$rtentry$$00000004) for __rt_entry_sh
    _printf_char_common.o(.text) refers to __printf.o(.text) for __printf
    __rtentry2.o(.ARM.Collect$$rtentry$$00000008) refers to boardinit2.o(.text) for _platform_post_stackheap_init
    __rtentry2.o(.ARM.Collect$$rtentry$$0000000A) refers to libinit.o(.ARM.Collect$$libinit$$00000000) for __rt_lib_init
    __rtentry2.o(.ARM.Collect$$rtentry$$0000000B) refers to boardinit3.o(.text) for _platform_post_lib_init
    __rtentry2.o(.ARM.Collect$$rtentry$$0000000D) refers to sample.o(.text) for main
    __rtentry2.o(.ARM.Collect$$rtentry$$0000000D) refers to exit.o(.text) for exit
    __rtentry2.o(.ARM.exidx) refers to __rtentry2.o(.ARM.Collect$$rtentry$$00000001) for .ARM.Collect$$rtentry$$00000001
    __rtentry2.o(.ARM.exidx) refers to __rtentry2.o(.ARM.Collect$$rtentry$$00000008) for .ARM.Collect$$rtentry$$00000008
    __rtentry2.o(.ARM.exidx) refers to __rtentry2.o(.ARM.Collect$$rtentry$$0000000A) for .ARM.Collect$$rtentry$$0000000A
    __rtentry2.o(.ARM.exidx) refers to __rtentry2.o(.ARM.Collect$$rtentry$$0000000B) for .ARM.Collect$$rtentry$$0000000B
    __rtentry2.o(.ARM.exidx) refers to __rtentry2.o(.ARM.Collect$$rtentry$$0000000D) for .ARM.Collect$$rtentry$$0000000D
    __rtentry4.o(.ARM.Collect$$rtentry$$00000004) refers to sys_stackheap_outer.o(.text) for __user_setup_stackheap
    __rtentry4.o(.ARM.exidx) refers to __rtentry4.o(.ARM.Collect$$rtentry$$00000004) for .ARM.Collect$$rtentry$$00000004
    sys_stackheap_outer.o(.text) refers to libspace.o(.text) for __user_perproc_libspace
    sys_stackheap_outer.o(.text) refers to startup_lpc17xx.o(.text) for __user_initial_stackheap
    exit.o(.text) refers to rtexit.o(.ARM.Collect$$rtexit$$00000000) for __rt_exit
    libinit.o(.ARM.Collect$$libinit$$00000000) refers (Special) to libinit2.o(.ARM.Collect$$libinit$$00000030) for __rt_lib_init_alloca_1
    libinit.o(.ARM.Collect$$libinit$$00000000) refers (Special) to libinit2.o(.ARM.Collect$$libinit$$0000002E) for __rt_lib_init_argv_1
    libinit.o(.ARM.Collect$$libinit$$00000000) refers (Special) to libinit2.o(.ARM.Collect$$libinit$$0000001D) for __rt_lib_init_atexit_1
    libinit.o(.ARM.Collect$$libinit$$00000000) refers (Special) to libinit2.o(.ARM.Collect$$libinit$$00000023) for __rt_lib_init_clock_1
    libinit.o(.ARM.Collect$$libinit$$00000000) refers (Special) to libinit2.o(.ARM.Collect$$libinit$$00000034) for __rt_lib_init_cpp_1
    libinit.o(.ARM.Collect$$libinit$$00000000) refers (Special) to libinit2.o(.ARM.Collect$$libinit$$00000032) for __rt_lib_init_exceptions_1
    libinit.o(.ARM.Collect$$libinit$$00000000) refers (Special) to libinit2.o(.ARM.Collect$$libinit$$00000002) for __rt_lib_init_fp_1
    libinit.o(.ARM.Collect$$libinit$$00000000) refers (Special) to libinit2.o(.ARM.Collect$$libinit$$00000021) for __rt_lib_init_fp_trap_1
    libinit.o(.ARM.Collect$$libinit$$00000000) refers (Special) to libinit2.o(.ARM.Collect$$libinit$$00000025) for __rt_lib_init_getenv_1
    libinit.o(.ARM.Collect$$libinit$$00000000) refers (Special) to libinit2.o(.ARM.Collect$$libinit$$0000000C) for __rt_lib_init_heap_1
    libinit.o(.ARM.Collect$$libinit$$00000000) refers (Special) to libinit2.o(.ARM.Collect$$libinit$$00000013) for __rt_lib_init_lc_collate_1
    libinit.o(.ARM.Collect$$libinit$$00000000) refers (Special) to libinit2.o(.ARM.Collect$$libinit$$00000015) for __rt_lib_init_lc_ctype_1
    libinit.o(.ARM.Collect$$libinit$$00000000) refers (Special) to libinit2.o(.ARM.Collect$$libinit$$00000017) for __rt_lib_init_lc_monetary_1
    libinit.o(.ARM.Collect$$libinit$$00000000) refers (Special) to libinit2.o(.ARM.Collect$$libinit$$00000019) for __rt_lib_init_lc_numeric_1
    libinit.o(.ARM.Collect$$libinit$$00000000) refers (Special) to libinit2.o(.ARM.Collect$$libinit$$0000001B) for __rt_lib_init_lc_time_1
    libinit.o(.ARM.Collect$$libinit$$00000000) refers (Special) to libinit2.o(.ARM.Collect$$libinit$$00000006) for __rt_lib_init_preinit_1
    libinit.o(.ARM.Collect$$libinit$$00000000) refers (Special) to libinit2.o(.ARM.Collect$$libinit$$00000010) for __rt_lib_init_rand_1
    libinit.o(.ARM.Collect$$libinit$$00000000) refers (Special) to libinit2.o(.ARM.Collect$$libinit$$00000004) for __rt_lib_init_relocate_pie_1
    libinit.o(.ARM.Collect$$libinit$$00000000) refers (Special) to libinit2.o(.ARM.Collect$$libinit$$00000035) for __rt_lib_init_return
    libinit.o(.ARM.Collect$$libinit$$00000000) refers (Special) to libinit2.o(.ARM.Collect$$libinit$$0000001F) for __rt_lib_init_signal_1
    libinit.o(.ARM.Collect$$libinit$$00000000) refers (Special) to libinit2.o(.ARM.Collect$$libinit$$00000027) for __rt_lib_init_stdio_1
    libinit.o(.ARM.Collect$$libinit$$00000000) refers (Special) to libinit2.o(.ARM.Collect$$libinit$$0000000E) for __rt_lib_init_user_alloc_1
    libspace.o(.text) refers to libspace.o(.bss) for __libspace_start
    rtexit.o(.ARM.Collect$$rtexit$$00000000) refers (Special) to rtexit2.o(.ARM.Collect$$rtexit$$00000004) for __rt_exit_exit
    rtexit.o(.ARM.Collect$$rtexit$$00000000) refers (Special) to rtexit2.o(.ARM.Collect$$rtexit$$00000003) for __rt_exit_ls
    rtexit.o(.ARM.Collect$$rtexit$$00000000) refers (Special) to rtexit2.o(.ARM.Collect$$rtexit$$00000002) for __rt_exit_prels_1
    rtexit.o(.ARM.exidx) refers (Special) to rtexit2.o(.ARM.Collect$$rtexit$$00000004) for __rt_exit_exit
    rtexit.o(.ARM.exidx) refers (Special) to rtexit2.o(.ARM.Collect$$rtexit$$00000003) for __rt_exit_ls
    rtexit.o(.ARM.exidx) refers (Special) to rtexit2.o(.ARM.Collect$$rtexit$$00000002) for __rt_exit_prels_1
    rtexit.o(.ARM.exidx) refers to rtexit.o(.ARM.Collect$$rtexit$$00000000) for .ARM.Collect$$rtexit$$00000000
    libinit2.o(.ARM.Collect$$libinit$$00000012) refers to libinit2.o(.ARM.Collect$$libinit$$00000011) for .ARM.Collect$$libinit$$00000011
    libinit2.o(.ARM.Collect$$libinit$$00000014) refers to libinit2.o(.ARM.Collect$$libinit$$00000011) for .ARM.Collect$$libinit$$00000011
    libinit2.o(.ARM.Collect$$libinit$$00000016) refers to libinit2.o(.ARM.Collect$$libinit$$00000011) for .ARM.Collect$$libinit$$00000011
    libinit2.o(.ARM.Collect$$libinit$$00000018) refers to libinit2.o(.ARM.Collect$$libinit$$00000011) for .ARM.Collect$$libinit$$00000011
    libinit2.o(.ARM.Collect$$libinit$$0000001A) refers to libinit2.o(.ARM.Collect$$libinit$$00000011) for .ARM.Collect$$libinit$$00000011
    libinit2.o(.ARM.Collect$$libinit$$00000028) refers to argv_veneer.o(.emb_text) for __ARM_argv_veneer
    libinit2.o(.ARM.Collect$$libinit$$00000029) refers to argv_veneer.o(.emb_text) for __ARM_argv_veneer
    rtexit2.o(.ARM.Collect$$rtexit$$00000003) refers to libshutdown.o(.ARM.Collect$$libshutdown$$00000000) for __rt_lib_shutdown
    rtexit2.o(.ARM.Collect$$rtexit$$00000004) refers to sys_exit.o(.text) for _sys_exit
    rtexit2.o(.ARM.exidx) refers to rtexit2.o(.ARM.Collect$$rtexit$$00000001) for .ARM.Collect$$rtexit$$00000001
    rtexit2.o(.ARM.exidx) refers to rtexit2.o(.ARM.Collect$$rtexit$$00000003) for .ARM.Collect$$rtexit$$00000003
    rtexit2.o(.ARM.exidx) refers to rtexit2.o(.ARM.Collect$$rtexit$$00000004) for .ARM.Collect$$rtexit$$00000004
    argv_veneer.o(.emb_text) refers to no_argv.o(.text) for __ARM_get_argv
    sys_exit.o(.text) refers (Special) to use_no_semi.o(.text) for __I$use$semihosting
    sys_exit.o(.text) refers (Special) to indicate_semi.o(.text) for __semihosting_library_function
    sys_exit_hlt.o(.text) refers (Special) to use_no_semi.o(.text) for __I$use$semihosting
    sys_exit_hlt.o(.text) refers (Special) to indicate_semi.o(.text) for __semihosting_library_function
    _get_argv_nomalloc.o(.text) refers (Special) to hrguard.o(.text) for __heap_region$guard
    _get_argv_nomalloc.o(.text) refers to defsig_rtmem_outer.o(.text) for __rt_SIGRTMEM
    _get_argv_nomalloc.o(.text) refers to sys_command.o(.text) for _sys_command_string
    libshutdown.o(.ARM.Collect$$libshutdown$$00000000) refers (Special) to libshutdown2.o(.ARM.Collect$$libshutdown$$00000002) for __rt_lib_shutdown_cpp_1
    libshutdown.o(.ARM.Collect$$libshutdown$$00000000) refers (Special) to libshutdown2.o(.ARM.Collect$$libshutdown$$00000007) for __rt_lib_shutdown_fp_trap_1
    libshutdown.o(.ARM.Collect$$libshutdown$$00000000) refers (Special) to libshutdown2.o(.ARM.Collect$$libshutdown$$0000000F) for __rt_lib_shutdown_heap_1
    libshutdown.o(.ARM.Collect$$libshutdown$$00000000) refers (Special) to libshutdown2.o(.ARM.Collect$$libshutdown$$00000010) for __rt_lib_shutdown_return
    libshutdown.o(.ARM.Collect$$libshutdown$$00000000) refers (Special) to libshutdown2.o(.ARM.Collect$$libshutdown$$0000000A) for __rt_lib_shutdown_signal_1
    libshutdown.o(.ARM.Collect$$libshutdown$$00000000) refers (Special) to libshutdown2.o(.ARM.Collect$$libshutdown$$00000004) for __rt_lib_shutdown_stdio_1
    libshutdown.o(.ARM.Collect$$libshutdown$$00000000) refers (Special) to libshutdown2.o(.ARM.Collect$$libshutdown$$0000000C) for __rt_lib_shutdown_user_alloc_1
    sys_command.o(.text) refers (Special) to use_no_semi.o(.text) for __I$use$semihosting
    sys_command.o(.text) refers (Special) to indicate_semi.o(.text) for __semihosting_library_function
    sys_command_hlt.o(.text) refers (Special) to use_no_semi.o(.text) for __I$use$semihosting
    sys_command_hlt.o(.text) refers (Special) to indicate_semi.o(.text) for __semihosting_library_function
    defsig_rtmem_outer.o(.text) refers to defsig_rtmem_inner.o(.text) for __rt_SIGRTMEM_inner
    defsig_rtmem_outer.o(.text) refers to defsig_exit.o(.text) for __sig_exit
    defsig_rtmem_formal.o(.text) refers to rt_raise.o(.text) for __rt_raise
    rt_raise.o(.text) refers to __raise.o(.text) for __raise
    rt_raise.o(.text) refers to sys_exit.o(.text) for _sys_exit
    defsig_exit.o(.text) refers to sys_exit.o(.text) for _sys_exit
    defsig_rtmem_inner.o(.text) refers to defsig_general.o(.text) for __default_signal_display
    __raise.o(.text) refers to defsig.o(CL$$defsig) for __default_signal_handler
    defsig_general.o(.text) refers to sys_wrch.o(.text) for _ttywrch
    sys_wrch.o(.text) refers (Special) to use_no_semi.o(.text) for __I$use$semihosting
    sys_wrch.o(.text) refers (Special) to indicate_semi.o(.text) for __semihosting_library_function
    sys_wrch_hlt.o(.text) refers (Special) to use_no_semi.o(.text) for __I$use$semihosting
    sys_wrch_hlt.o(.text) refers (Special) to indicate_semi.o(.text) for __semihosting_library_function
    defsig.o(CL$$defsig) refers to defsig_rtmem_inner.o(.text) for __rt_SIGRTMEM_inner
    defsig_abrt_inner.o(.text) refers to defsig_general.o(.text) for __default_signal_display
    defsig_fpe_inner.o(.text) refers to defsig_general.o(.text) for __default_signal_display
    defsig_rtred_inner.o(.text) refers to defsig_general.o(.text) for __default_signal_display
    defsig_stak_inner.o(.text) refers to defsig_general.o(.text) for __default_signal_display
    defsig_pvfn_inner.o(.text) refers to defsig_general.o(.text) for __default_signal_display
    defsig_cppl_inner.o(.text) refers to defsig_general.o(.text) for __default_signal_display
    defsig_segv_inner.o(.text) refers to defsig_general.o(.text) for __default_signal_display
    defsig_other.o(.text) refers to defsig_general.o(.text) for __default_signal_display


==============================================================================

Removing Unused input sections from the image.

    Removing asm_funct.o(myFunct), (0 bytes).
    Removing sample.o(.ARM.exidx), (8 bytes).
    Removing sample.o(.ARM.use_no_argv), (4 bytes).
    Removing system_lpc17xx.o(.ARM.exidx), (8 bytes).
    Removing funct_led.o(.text), (154 bytes).
    Removing funct_led.o(.ARM.exidx), (24 bytes).
    Removing funct_led.o(.rodata.led_mask), (32 bytes).
    Removing lib_led.o(.text), (70 bytes).
    Removing lib_led.o(.ARM.exidx), (16 bytes).
    Removing lib_led.o(.bss.led_value), (1 bytes).
    Removing irq_button.o(.ARM.exidx), (24 bytes).
    Removing lib_button.o(.ARM.exidx), (8 bytes).
    Removing irq_timer.o(.ARM.exidx), (32 bytes).
    Removing lib_timer.o(.ARM.exidx), (32 bytes).
    Removing irq_rit.o(.ARM.exidx), (8 bytes).
    Removing lib_rit.o(.ARM.exidx), (32 bytes).
    Removing asciilib.o(.ARM.exidx), (8 bytes).
    Removing glcd.o(.ARM.exidx), (64 bytes).
    Removing hzlib.o(.text), (36 bytes).
    Removing hzlib.o(.ARM.exidx), (8 bytes).
    Removing hzlib.o(.rodata.HzLib), (216576 bytes).
    Removing board.o(.ARM.exidx), (64 bytes).
    Removing game.o(.ARM.exidx), (56 bytes).
    Removing funct_joystick.o(.text), (4 bytes).
    Removing funct_joystick.o(.ARM.exidx), (8 bytes).
    Removing lib_joystick.o(.ARM.exidx), (8 bytes).

26 unused section(s) (total 217285 bytes) removed from the image.

==============================================================================

Image Symbol Table

    Local Symbols

    Symbol Name                              Value     Ov Type        Size  Object(Section)

    ../clib/angel/boardlib.s                 0x00000000   Number         0  boardinit1.o ABSOLUTE
    ../clib/angel/boardlib.s                 0x00000000   Number         0  boardinit2.o ABSOLUTE
    ../clib/angel/boardlib.s                 0x00000000   Number         0  boardinit3.o ABSOLUTE
    ../clib/angel/boardlib.s                 0x00000000   Number         0  boardshut.o ABSOLUTE
    ../clib/angel/dczerorl2.s                0x00000000   Number         0  __dczerorl2.o ABSOLUTE
    ../clib/angel/handlers.s                 0x00000000   Number         0  __scatter_copy.o ABSOLUTE
    ../clib/angel/handlers.s                 0x00000000   Number         0  __scatter_zi.o ABSOLUTE
    ../clib/angel/kernel.s                   0x00000000   Number         0  __rtentry.o ABSOLUTE
    ../clib/angel/kernel.s                   0x00000000   Number         0  __rtentry2.o ABSOLUTE
    ../clib/angel/kernel.s                   0x00000000   Number         0  __rtentry4.o ABSOLUTE
    ../clib/angel/kernel.s                   0x00000000   Number         0  rtexit.o ABSOLUTE
    ../clib/angel/kernel.s                   0x00000000   Number         0  rtexit2.o ABSOLUTE
    ../clib/angel/rt.s                       0x00000000   Number         0  rt_raise.o ABSOLUTE
    ../clib/angel/scatter.s                  0x00000000   Number         0  __scatter.o ABSOLUTE
    ../clib/angel/startup.s                  0x00000000   Number         0  __main.o ABSOLUTE
    ../clib/angel/sys.s                      0x00000000   Number         0  sys_stackheap_outer.o ABSOLUTE
    ../clib/angel/sys.s                      0x00000000   Number         0  libspace.o ABSOLUTE
    ../clib/angel/sys.s                      0x00000000   Number         0  use_no_semi.o ABSOLUTE
    ../clib/angel/sys.s                      0x00000000   Number         0  indicate_semi.o ABSOLUTE
    ../clib/angel/sysapp.c                   0x00000000   Number         0  sys_exit.o ABSOLUTE
    ../clib/angel/sysapp.c                   0x00000000   Number         0  sys_exit_hlt.o ABSOLUTE
    ../clib/angel/sysapp.c                   0x00000000   Number         0  sys_command.o ABSOLUTE
    ../clib/angel/sysapp.c                   0x00000000   Number         0  sys_command_hlt.o ABSOLUTE
    ../clib/angel/sysapp.c                   0x00000000   Number         0  sys_wrch.o ABSOLUTE
    ../clib/angel/sysapp.c                   0x00000000   Number         0  sys_wrch_hlt.o ABSOLUTE
    ../clib/armsys.c                         0x00000000   Number         0  argv_veneer.o ABSOLUTE
    ../clib/armsys.c                         0x00000000   Number         0  argv_veneer.o ABSOLUTE
    ../clib/armsys.c                         0x00000000   Number         0  _get_argv_nomalloc.o ABSOLUTE
    ../clib/armsys.c                         0x00000000   Number         0  no_argv.o ABSOLUTE
    ../clib/heapalloc.c                      0x00000000   Number         0  hrguard.o ABSOLUTE
    ../clib/heapaux.c                        0x00000000   Number         0  heapauxi.o ABSOLUTE
    ../clib/libinit.s                        0x00000000   Number         0  libinit.o ABSOLUTE
    ../clib/libinit.s                        0x00000000   Number         0  libinit2.o ABSOLUTE
    ../clib/libinit.s                        0x00000000   Number         0  libshutdown.o ABSOLUTE
    ../clib/libinit.s                        0x00000000   Number         0  libshutdown2.o ABSOLUTE
    ../clib/memcpset.s                       0x00000000   Number         0  rt_memcpy_v6.o ABSOLUTE
    ../clib/memcpset.s                       0x00000000   Number         0  rt_memcpy_w.o ABSOLUTE
    ../clib/printf.c                         0x00000000   Number         0  __2sprintf.o ABSOLUTE
    ../clib/printf.c                         0x00000000   Number         0  noretval__2sprintf.o ABSOLUTE
    ../clib/printf.c                         0x00000000   Number         0  __printf.o ABSOLUTE
    ../clib/printf.c                         0x00000000   Number         0  _printf_dec.o ABSOLUTE
    ../clib/printf.c                         0x00000000   Number         0  __printf_flags.o ABSOLUTE
    ../clib/printf.c                         0x00000000   Number         0  __printf_ss.o ABSOLUTE
    ../clib/printf.c                         0x00000000   Number         0  __printf_flags_ss.o ABSOLUTE
    ../clib/printf.c                         0x00000000   Number         0  __printf_wp.o ABSOLUTE
    ../clib/printf.c                         0x00000000   Number         0  __printf_flags_wp.o ABSOLUTE
    ../clib/printf.c                         0x00000000   Number         0  __printf_ss_wp.o ABSOLUTE
    ../clib/printf.c                         0x00000000   Number         0  __printf_flags_ss_wp.o ABSOLUTE
    ../clib/printf.c                         0x00000000   Number         0  _printf_intcommon.o ABSOLUTE
    ../clib/printf.c                         0x00000000   Number         0  _printf_char_common.o ABSOLUTE
    ../clib/printf.c                         0x00000000   Number         0  _sputc.o ABSOLUTE
    ../clib/printf.c                         0x00000000   Number         0  __printf_nopercent.o ABSOLUTE
    ../clib/printf_percent.s                 0x00000000   Number         0  _printf_d.o ABSOLUTE
    ../clib/printf_percent.s                 0x00000000   Number         0  _printf_percent.o ABSOLUTE
    ../clib/printf_percent.s                 0x00000000   Number         0  _printf_percent_end.o ABSOLUTE
    ../clib/signal.c                         0x00000000   Number         0  defsig_rtmem_outer.o ABSOLUTE
    ../clib/signal.c                         0x00000000   Number         0  defsig_rtmem_formal.o ABSOLUTE
    ../clib/signal.c                         0x00000000   Number         0  defsig_exit.o ABSOLUTE
    ../clib/signal.c                         0x00000000   Number         0  defsig_rtmem_inner.o ABSOLUTE
    ../clib/signal.c                         0x00000000   Number         0  __raise.o ABSOLUTE
    ../clib/signal.c                         0x00000000   Number         0  defsig_general.o ABSOLUTE
    ../clib/signal.c                         0x00000000   Number         0  defsig_abrt_inner.o ABSOLUTE
    ../clib/signal.c                         0x00000000   Number         0  defsig_fpe_inner.o ABSOLUTE
    ../clib/signal.c                         0x00000000   Number         0  defsig_rtred_inner.o ABSOLUTE
    ../clib/signal.c                         0x00000000   Number         0  defsig_stak_inner.o ABSOLUTE
    ../clib/signal.c                         0x00000000   Number         0  defsig_pvfn_inner.o ABSOLUTE
    ../clib/signal.c                         0x00000000   Number         0  defsig_cppl_inner.o ABSOLUTE
    ../clib/signal.c                         0x00000000   Number         0  defsig_segv_inner.o ABSOLUTE
    ../clib/signal.c                         0x00000000   Number         0  defsig_other.o ABSOLUTE
    ../clib/signal.s                         0x00000000   Number         0  defsig.o ABSOLUTE
    ../clib/stdlib.c                         0x00000000   Number         0  exit.o ABSOLUTE
    ../fplib/fpinit.s                        0x00000000   Number         0  fpinit.o ABSOLUTE
    ../fplib/fpinit_empty.s                  0x00000000   Number         0  fpinit_empty.o ABSOLUTE
    ASM_funct.s                              0x00000000   Number         0  asm_funct.o ABSOLUTE
    AsciiLib.c                               0x00000000   Number         0  asciilib.o ABSOLUTE
    GLCD.c                                   0x00000000   Number         0  glcd.o ABSOLUTE
    HzLib.c                                  0x00000000   Number         0  hzlib.o ABSOLUTE
    IRQ_RIT.c                                0x00000000   Number         0  irq_rit.o ABSOLUTE
    IRQ_button.c                             0x00000000   Number         0  irq_button.o ABSOLUTE
    IRQ_timer.c                              0x00000000   Number         0  irq_timer.o ABSOLUTE
    Source\startup_LPC17xx.s                 0x00000000   Number         0  startup_lpc17xx.o ABSOLUTE
    board.c                                  0x00000000   Number         0  board.o ABSOLUTE
    dc.s                                     0x00000000   Number         0  dc.o ABSOLUTE
    funct_joystick.c                         0x00000000   Number         0  funct_joystick.o ABSOLUTE
    funct_led.c                              0x00000000   Number         0  funct_led.o ABSOLUTE
    game.c                                   0x00000000   Number         0  game.o ABSOLUTE
    lib_RIT.c                                0x00000000   Number         0  lib_rit.o ABSOLUTE
    lib_button.c                             0x00000000   Number         0  lib_button.o ABSOLUTE
    lib_joystick.c                           0x00000000   Number         0  lib_joystick.o ABSOLUTE
    lib_led.c                                0x00000000   Number         0  lib_led.o ABSOLUTE
    lib_timer.c                              0x00000000   Number         0  lib_timer.o ABSOLUTE
    sample.c                                 0x00000000   Number         0  sample.o ABSOLUTE
    system_LPC17xx.c                         0x00000000   Number         0  system_lpc17xx.o ABSOLUTE
    RESET                                    0x00000000   Section      204  startup_lpc17xx.o(RESET)
    !!!main                                  0x000000cc   Section        8  __main.o(!!!main)
    !!!scatter                               0x000000d4   Section       92  __scatter.o(!!!scatter)
    !!dczerorl2                              0x00000130   Section       90  __dczerorl2.o(!!dczerorl2)
    !!handler_copy                           0x0000018c   Section       26  __scatter_copy.o(!!handler_copy)
    !!handler_null                           0x000001a8   Section        2  __scatter.o(!!handler_null)
    !!handler_zi                             0x000001ac   Section       28  __scatter_zi.o(!!handler_zi)
    .ARM.Collect$$_printf_percent$$00000000  0x000001c8   Section        0  _printf_percent.o(.ARM.Collect$$_printf_percent$$00000000)
    .ARM.Collect$$_printf_percent$$00000009  0x000001c8   Section        6  _printf_d.o(.ARM.Collect$$_printf_percent$$00000009)
    .ARM.Collect$$_printf_percent$$00000017  0x000001ce   Section        4  _printf_percent_end.o(.ARM.Collect$$_printf_percent$$00000017)
    .ARM.Collect$$libinit$$00000000          0x000001d2   Section        2  libinit.o(.ARM.Collect$$libinit$$00000000)
    .ARM.Collect$$libinit$$00000002          0x000001d4   Section        0  libinit2.o(.ARM.Collect$$libinit$$00000002)
    .ARM.Collect$$libinit$$00000004          0x000001d4   Section        0  libinit2.o(.ARM.Collect$$libinit$$00000004)
    .ARM.Collect$$libinit$$00000006          0x000001d4   Section        0  libinit2.o(.ARM.Collect$$libinit$$00000006)
    .ARM.Collect$$libinit$$0000000C          0x000001d4   Section        0  libinit2.o(.ARM.Collect$$libinit$$0000000C)
    .ARM.Collect$$libinit$$0000000E          0x000001d4   Section        0  libinit2.o(.ARM.Collect$$libinit$$0000000E)
    .ARM.Collect$$libinit$$00000010          0x000001d4   Section        0  libinit2.o(.ARM.Collect$$libinit$$00000010)
    .ARM.Collect$$libinit$$00000013          0x000001d4   Section        0  libinit2.o(.ARM.Collect$$libinit$$00000013)
    .ARM.Collect$$libinit$$00000015          0x000001d4   Section        0  libinit2.o(.ARM.Collect$$libinit$$00000015)
    .ARM.Collect$$libinit$$00000017          0x000001d4   Section        0  libinit2.o(.ARM.Collect$$libinit$$00000017)
    .ARM.Collect$$libinit$$00000019          0x000001d4   Section        0  libinit2.o(.ARM.Collect$$libinit$$00000019)
    .ARM.Collect$$libinit$$0000001B          0x000001d4   Section        0  libinit2.o(.ARM.Collect$$libinit$$0000001B)
    .ARM.Collect$$libinit$$0000001D          0x000001d4   Section        0  libinit2.o(.ARM.Collect$$libinit$$0000001D)
    .ARM.Collect$$libinit$$0000001F          0x000001d4   Section        0  libinit2.o(.ARM.Collect$$libinit$$0000001F)
    .ARM.Collect$$libinit$$00000021          0x000001d4   Section        0  libinit2.o(.ARM.Collect$$libinit$$00000021)
    .ARM.Collect$$libinit$$00000023          0x000001d4   Section        0  libinit2.o(.ARM.Collect$$libinit$$00000023)
    .ARM.Collect$$libinit$$00000025          0x000001d4   Section        0  libinit2.o(.ARM.Collect$$libinit$$00000025)
    .ARM.Collect$$libinit$$00000027          0x000001d4   Section        0  libinit2.o(.ARM.Collect$$libinit$$00000027)
    .ARM.Collect$$libinit$$0000002E          0x000001d4   Section        0  libinit2.o(.ARM.Collect$$libinit$$0000002E)
    .ARM.Collect$$libinit$$00000030          0x000001d4   Section        0  libinit2.o(.ARM.Collect$$libinit$$00000030)
    .ARM.Collect$$libinit$$00000032          0x000001d4   Section        0  libinit2.o(.ARM.Collect$$libinit$$00000032)
    .ARM.Collect$$libinit$$00000034          0x000001d4   Section        0  libinit2.o(.ARM.Collect$$libinit$$00000034)
    .ARM.Collect$$libinit$$00000035          0x000001d4   Section        2  libinit2.o(.ARM.Collect$$libinit$$00000035)
    .ARM.Collect$$libshutdown$$00000000      0x000001d6   Section        2  libshutdown.o(.ARM.Collect$$libshutdown$$00000000)
    .ARM.Collect$$libshutdown$$00000002      0x000001d8   Section        0  libshutdown2.o(.ARM.Collect$$libshutdown$$00000002)
    .ARM.Collect$$libshutdown$$00000004      0x000001d8   Section        0  libshutdown2.o(.ARM.Collect$$libshutdown$$00000004)
    .ARM.Collect$$libshutdown$$00000007      0x000001d8   Section        0  libshutdown2.o(.ARM.Collect$$libshutdown$$00000007)
    .ARM.Collect$$libshutdown$$0000000A      0x000001d8   Section        0  libshutdown2.o(.ARM.Collect$$libshutdown$$0000000A)
    .ARM.Collect$$libshutdown$$0000000C      0x000001d8   Section        0  libshutdown2.o(.ARM.Collect$$libshutdown$$0000000C)
    .ARM.Collect$$libshutdown$$0000000F      0x000001d8   Section        0  libshutdown2.o(.ARM.Collect$$libshutdown$$0000000F)
    .ARM.Collect$$libshutdown$$00000010      0x000001d8   Section        2  libshutdown2.o(.ARM.Collect$$libshutdown$$00000010)
    .ARM.Collect$$rtentry$$00000000          0x000001da   Section        0  __rtentry.o(.ARM.Collect$$rtentry$$00000000)
    .ARM.Collect$$rtentry$$00000002          0x000001da   Section        0  __rtentry2.o(.ARM.Collect$$rtentry$$00000002)
    .ARM.Collect$$rtentry$$00000004          0x000001da   Section        6  __rtentry4.o(.ARM.Collect$$rtentry$$00000004)
    .ARM.Collect$$rtentry$$00000009          0x000001e0   Section        0  __rtentry2.o(.ARM.Collect$$rtentry$$00000009)
    .ARM.Collect$$rtentry$$0000000A          0x000001e0   Section        4  __rtentry2.o(.ARM.Collect$$rtentry$$0000000A)
    .ARM.Collect$$rtentry$$0000000C          0x000001e4   Section        0  __rtentry2.o(.ARM.Collect$$rtentry$$0000000C)
    .ARM.Collect$$rtentry$$0000000D          0x000001e4   Section        8  __rtentry2.o(.ARM.Collect$$rtentry$$0000000D)
    .ARM.Collect$$rtexit$$00000000           0x000001ec   Section        2  rtexit.o(.ARM.Collect$$rtexit$$00000000)
    .ARM.Collect$$rtexit$$00000002           0x000001ee   Section        0  rtexit2.o(.ARM.Collect$$rtexit$$00000002)
    .ARM.Collect$$rtexit$$00000003           0x000001ee   Section        4  rtexit2.o(.ARM.Collect$$rtexit$$00000003)
    .ARM.Collect$$rtexit$$00000004           0x000001f2   Section        6  rtexit2.o(.ARM.Collect$$rtexit$$00000004)
    .text                                    0x000001f8   Section       52  startup_lpc17xx.o(.text)
    [Anonymous Symbol]                       0x0000022c   Section        0  sample.o(.text)
    [Anonymous Symbol]                       0x000002b0   Section        0  asciilib.o(.text)
    .text                                    0x000002da   Section        0  heapauxi.o(.text)
    .text                                    0x000002e0   Section        0  _sputc.o(.text)
    .text                                    0x000002ea   Section        0  exit.o(.text)
    .ARM.__at_0x02FC                         0x000002fc   Section        4  startup_lpc17xx.o(.ARM.__at_0x02FC)
    [Anonymous Symbol]                       0x00000300   Section        0  system_lpc17xx.o(.text)
    [Anonymous Symbol]                       0x00000430   Section        0  irq_button.o(.text)
    [Anonymous Symbol]                       0x000004fc   Section        0  lib_button.o(.text)
    [Anonymous Symbol]                       0x00000578   Section        0  irq_timer.o(.text)
    [Anonymous Symbol]                       0x00000680   Section        0  lib_timer.o(.text)
    [Anonymous Symbol]                       0x00000870   Section        0  irq_rit.o(.text)
    [Anonymous Symbol]                       0x00000a14   Section        0  lib_rit.o(.text)
    [Anonymous Symbol]                       0x00000a88   Section        0  glcd.o(.text)
    [Anonymous Symbol]                       0x0000221c   Section        0  board.o(.text)
    [Anonymous Symbol]                       0x000025b4   Section        0  game.o(.text)
    [Anonymous Symbol]                       0x00002880   Section        0  lib_joystick.o(.text)
    .text                                    0x000028b4   Section        0  noretval__2sprintf.o(.text)
    .text                                    0x000028dc   Section        0  __printf.o(.text)
    .text                                    0x00002944   Section        0  _printf_dec.o(.text)
    .text                                    0x000029bc   Section        0  _printf_intcommon.o(.text)
    _printf_input_char                       0x00002a71   Thumb Code    10  _printf_char_common.o(.text)
    .text                                    0x00002a70   Section        0  _printf_char_common.o(.text)
    .text                                    0x00002aa0   Section       74  sys_stackheap_outer.o(.text)
    .text                                    0x00002aec   Section        8  libspace.o(.text)
    .text                                    0x00002af4   Section        0  sys_exit.o(.text)
    .text                                    0x00002b00   Section        2  use_no_semi.o(.text)
    AsciiLib                                 0x00002b02   Data        1520  asciilib.o(.rodata.AsciiLib)
    [Anonymous Symbol]                       0x00002b02   Section        0  asciilib.o(.rodata.AsciiLib)
    .text                                    0x00002b02   Section        0  indicate_semi.o(.text)
    .L.str.2                                 0x000030f2   Data           3  board.o(.rodata.str1.1)
    [Anonymous Symbol]                       0x000030f2   Section        0  board.o(.rodata.str1.1)
    .bss                                     0x2007c010   Section       96  libspace.o(.bss)
    RIT_IRQHandler.J_down                    0x2007c070   Data           4  irq_rit.o(.bss.RIT_IRQHandler.J_down)
    [Anonymous Symbol]                       0x2007c070   Section        0  irq_rit.o(.bss.RIT_IRQHandler.J_down)
    RIT_IRQHandler.J_left                    0x2007c074   Data           4  irq_rit.o(.bss.RIT_IRQHandler.J_left)
    [Anonymous Symbol]                       0x2007c074   Section        0  irq_rit.o(.bss.RIT_IRQHandler.J_left)
    RIT_IRQHandler.J_right                   0x2007c078   Data           4  irq_rit.o(.bss.RIT_IRQHandler.J_right)
    [Anonymous Symbol]                       0x2007c078   Section        0  irq_rit.o(.bss.RIT_IRQHandler.J_right)
    RIT_IRQHandler.J_up                      0x2007c07c   Data           4  irq_rit.o(.bss.RIT_IRQHandler.J_up)
    [Anonymous Symbol]                       0x2007c07c   Section        0  irq_rit.o(.bss.RIT_IRQHandler.J_up)
    Heap_Mem                                 0x2007c090   Data           0  startup_lpc17xx.o(HEAP)
    Stack_Mem                                0x2007c090   Data         512  startup_lpc17xx.o(STACK)
    HEAP                                     0x2007c090   Section        0  startup_lpc17xx.o(HEAP)
    STACK                                    0x2007c090   Section      512  startup_lpc17xx.o(STACK)
    __initial_sp                             0x2007c290   Data           0  startup_lpc17xx.o(STACK)

    Global Symbols

    Symbol Name                              Value     Ov Type        Size  Object(Section)

    BuildAttributes$$THM_ISAv4$P$D$K$B$S$PE$A:L22UL41UL21$X:L11$S22US41US21$IEEE1$IW$~IW$USESV6$~STKCKD$USESV7$~SHL$OTIME$ROPI$EBA8$UX$STANDARDLIB$REQ8$PRES8$EABIv2 0x00000000   Number         0  anon$$obj.o ABSOLUTE
    __Vectors                                0x00000000   Data           4  startup_lpc17xx.o(RESET)
    __fp_init_empty                          0x00000000   Number         0  fpinit_empty.o ABSOLUTE
    __ARM_exceptions_init                     - Undefined Weak Reference
    __alloca_initialize                       - Undefined Weak Reference
    __arm_preinit_                            - Undefined Weak Reference
    __arm_relocate_pie_                       - Undefined Weak Reference
    __cpp_initialize__aeabi_                  - Undefined Weak Reference
    __cxa_finalize                            - Undefined Weak Reference
    __rt_locale                               - Undefined Weak Reference
    __sigvec_lookup                           - Undefined Weak Reference
    _atexit_init                              - Undefined Weak Reference
    _call_atexit_fns                          - Undefined Weak Reference
    _clock_init                               - Undefined Weak Reference
    _fp_trap_init                             - Undefined Weak Reference
    _fp_trap_shutdown                         - Undefined Weak Reference
    _get_lc_collate                           - Undefined Weak Reference
    _get_lc_ctype                             - Undefined Weak Reference
    _get_lc_monetary                          - Undefined Weak Reference
    _get_lc_numeric                           - Undefined Weak Reference
    _get_lc_time                              - Undefined Weak Reference
    _getenv_init                              - Undefined Weak Reference
    _handle_redirection                       - Undefined Weak Reference
    _init_alloc                               - Undefined Weak Reference
    _init_user_alloc                          - Undefined Weak Reference
    _initio                                   - Undefined Weak Reference
    _printf_post_padding                      - Undefined Weak Reference
    _printf_pre_padding                       - Undefined Weak Reference
    _printf_truncate_signed                   - Undefined Weak Reference
    _printf_truncate_unsigned                 - Undefined Weak Reference
    _rand_init                                - Undefined Weak Reference
    _signal_finish                            - Undefined Weak Reference
    _signal_init                              - Undefined Weak Reference
    _terminate_alloc                          - Undefined Weak Reference
    _terminate_user_alloc                     - Undefined Weak Reference
    _terminateio                              - Undefined Weak Reference
    __main                                   0x000000cd   Thumb Code     8  __main.o(!!!main)
    __scatterload                            0x000000d5   Thumb Code     0  __scatter.o(!!!scatter)
    __scatterload_rt2                        0x000000d5   Thumb Code    84  __scatter.o(!!!scatter)
    __scatterload_rt2_thumb_only             0x000000d5   Thumb Code     0  __scatter.o(!!!scatter)
    __scatterload_loop                       0x000000df   Thumb Code     0  __scatter.o(!!!scatter)
    __decompress                             0x00000131   Thumb Code    90  __dczerorl2.o(!!dczerorl2)
    __decompress1                            0x00000131   Thumb Code     0  __dczerorl2.o(!!dczerorl2)
    __scatterload_copy                       0x0000018d   Thumb Code    26  __scatter_copy.o(!!handler_copy)
    __scatterload_null                       0x000001a9   Thumb Code     2  __scatter.o(!!handler_null)
    __scatterload_zeroinit                   0x000001ad   Thumb Code    28  __scatter_zi.o(!!handler_zi)
    _printf_d                                0x000001c9   Thumb Code     0  _printf_d.o(.ARM.Collect$$_printf_percent$$00000009)
    _printf_percent                          0x000001c9   Thumb Code     0  _printf_percent.o(.ARM.Collect$$_printf_percent$$00000000)
    _printf_percent_end                      0x000001cf   Thumb Code     0  _printf_percent_end.o(.ARM.Collect$$_printf_percent$$00000017)
    __rt_lib_init                            0x000001d3   Thumb Code     0  libinit.o(.ARM.Collect$$libinit$$00000000)
    __rt_lib_init_alloca_1                   0x000001d5   Thumb Code     0  libinit2.o(.ARM.Collect$$libinit$$00000030)
    __rt_lib_init_argv_1                     0x000001d5   Thumb Code     0  libinit2.o(.ARM.Collect$$libinit$$0000002E)
    __rt_lib_init_atexit_1                   0x000001d5   Thumb Code     0  libinit2.o(.ARM.Collect$$libinit$$0000001D)
    __rt_lib_init_clock_1                    0x000001d5   Thumb Code     0  libinit2.o(.ARM.Collect$$libinit$$00000023)
    __rt_lib_init_cpp_1                      0x000001d5   Thumb Code     0  libinit2.o(.ARM.Collect$$libinit$$00000034)
    __rt_lib_init_exceptions_1               0x000001d5   Thumb Code     0  libinit2.o(.ARM.Collect$$libinit$$00000032)
    __rt_lib_init_fp_1                       0x000001d5   Thumb Code     0  libinit2.o(.ARM.Collect$$libinit$$00000002)
    __rt_lib_init_fp_trap_1                  0x000001d5   Thumb Code     0  libinit2.o(.ARM.Collect$$libinit$$00000021)
    __rt_lib_init_getenv_1                   0x000001d5   Thumb Code     0  libinit2.o(.ARM.Collect$$libinit$$00000025)
    __rt_lib_init_heap_1                     0x000001d5   Thumb Code     0  libinit2.o(.ARM.Collect$$libinit$$0000000C)
    __rt_lib_init_lc_collate_1               0x000001d5   Thumb Code     0  libinit2.o(.ARM.Collect$$libinit$$00000013)
    __rt_lib_init_lc_ctype_1                 0x000001d5   Thumb Code     0  libinit2.o(.ARM.Collect$$libinit$$00000015)
    __rt_lib_init_lc_monetary_1              0x000001d5   Thumb Code     0  libinit2.o(.ARM.Collect$$libinit$$00000017)
    __rt_lib_init_lc_numeric_1               0x000001d5   Thumb Code     0  libinit2.o(.ARM.Collect$$libinit$$00000019)
    __rt_lib_init_lc_time_1                  0x000001d5   Thumb Code     0  libinit2.o(.ARM.Collect$$libinit$$0000001B)
    __rt_lib_init_preinit_1                  0x000001d5   Thumb Code     0  libinit2.o(.ARM.Collect$$libinit$$00000006)
    __rt_lib_init_rand_1                     0x000001d5   Thumb Code     0  libinit2.o(.ARM.Collect$$libinit$$00000010)
    __rt_lib_init_relocate_pie_1             0x000001d5   Thumb Code     0  libinit2.o(.ARM.Collect$$libinit$$00000004)
    __rt_lib_init_return                     0x000001d5   Thumb Code     0  libinit2.o(.ARM.Collect$$libinit$$00000035)
    __rt_lib_init_signal_1                   0x000001d5   Thumb Code     0  libinit2.o(.ARM.Collect$$libinit$$0000001F)
    __rt_lib_init_stdio_1                    0x000001d5   Thumb Code     0  libinit2.o(.ARM.Collect$$libinit$$00000027)
    __rt_lib_init_user_alloc_1               0x000001d5   Thumb Code     0  libinit2.o(.ARM.Collect$$libinit$$0000000E)
    __rt_lib_shutdown                        0x000001d7   Thumb Code     0  libshutdown.o(.ARM.Collect$$libshutdown$$00000000)
    __rt_lib_shutdown_cpp_1                  0x000001d9   Thumb Code     0  libshutdown2.o(.ARM.Collect$$libshutdown$$00000002)
    __rt_lib_shutdown_fp_trap_1              0x000001d9   Thumb Code     0  libshutdown2.o(.ARM.Collect$$libshutdown$$00000007)
    __rt_lib_shutdown_heap_1                 0x000001d9   Thumb Code     0  libshutdown2.o(.ARM.Collect$$libshutdown$$0000000F)
    __rt_lib_shutdown_return                 0x000001d9   Thumb Code     0  libshutdown2.o(.ARM.Collect$$libshutdown$$00000010)
    __rt_lib_shutdown_signal_1               0x000001d9   Thumb Code     0  libshutdown2.o(.ARM.Collect$$libshutdown$$0000000A)
    __rt_lib_shutdown_stdio_1                0x000001d9   Thumb Code     0  libshutdown2.o(.ARM.Collect$$libshutdown$$00000004)
    __rt_lib_shutdown_user_alloc_1           0x000001d9   Thumb Code     0  libshutdown2.o(.ARM.Collect$$libshutdown$$0000000C)
    __rt_entry                               0x000001db   Thumb Code     0  __rtentry.o(.ARM.Collect$$rtentry$$00000000)
    __rt_entry_presh_1                       0x000001db   Thumb Code     0  __rtentry2.o(.ARM.Collect$$rtentry$$00000002)
    __rt_entry_sh                            0x000001db   Thumb Code     0  __rtentry4.o(.ARM.Collect$$rtentry$$00000004)
    __rt_entry_li                            0x000001e1   Thumb Code     0  __rtentry2.o(.ARM.Collect$$rtentry$$0000000A)
    __rt_entry_postsh_1                      0x000001e1   Thumb Code     0  __rtentry2.o(.ARM.Collect$$rtentry$$00000009)
    __rt_entry_main                          0x000001e5   Thumb Code     0  __rtentry2.o(.ARM.Collect$$rtentry$$0000000D)
    __rt_entry_postli_1                      0x000001e5   Thumb Code     0  __rtentry2.o(.ARM.Collect$$rtentry$$0000000C)
    __rt_exit                                0x000001ed   Thumb Code     0  rtexit.o(.ARM.Collect$$rtexit$$00000000)
    __rt_exit_ls                             0x000001ef   Thumb Code     0  rtexit2.o(.ARM.Collect$$rtexit$$00000003)
    __rt_exit_prels_1                        0x000001ef   Thumb Code     0  rtexit2.o(.ARM.Collect$$rtexit$$00000002)
    __rt_exit_exit                           0x000001f3   Thumb Code     0  rtexit2.o(.ARM.Collect$$rtexit$$00000004)
    Reset_Handler                            0x000001f9   Thumb Code     4  startup_lpc17xx.o(.text)
    NMI_Handler                              0x000001fd   Thumb Code     2  startup_lpc17xx.o(.text)
    HardFault_Handler                        0x000001ff   Thumb Code     2  startup_lpc17xx.o(.text)
    MemManage_Handler                        0x00000201   Thumb Code     2  startup_lpc17xx.o(.text)
    BusFault_Handler                         0x00000203   Thumb Code     2  startup_lpc17xx.o(.text)
    UsageFault_Handler                       0x00000205   Thumb Code     2  startup_lpc17xx.o(.text)
    SVC_Handler                              0x00000207   Thumb Code     2  startup_lpc17xx.o(.text)
    DebugMon_Handler                         0x00000209   Thumb Code     2  startup_lpc17xx.o(.text)
    PendSV_Handler                           0x0000020b   Thumb Code     2  startup_lpc17xx.o(.text)
    SysTick_Handler                          0x0000020d   Thumb Code     2  startup_lpc17xx.o(.text)
    ADC_IRQHandler                           0x0000020f   Thumb Code     0  startup_lpc17xx.o(.text)
    BOD_IRQHandler                           0x0000020f   Thumb Code     0  startup_lpc17xx.o(.text)
    CANActivity_IRQHandler                   0x0000020f   Thumb Code     0  startup_lpc17xx.o(.text)
    CAN_IRQHandler                           0x0000020f   Thumb Code     0  startup_lpc17xx.o(.text)
    DMA_IRQHandler                           0x0000020f   Thumb Code     0  startup_lpc17xx.o(.text)
    EINT3_IRQHandler                         0x0000020f   Thumb Code     0  startup_lpc17xx.o(.text)
    ENET_IRQHandler                          0x0000020f   Thumb Code     0  startup_lpc17xx.o(.text)
    I2C0_IRQHandler                          0x0000020f   Thumb Code     0  startup_lpc17xx.o(.text)
    I2C1_IRQHandler                          0x0000020f   Thumb Code     0  startup_lpc17xx.o(.text)
    I2C2_IRQHandler                          0x0000020f   Thumb Code     0  startup_lpc17xx.o(.text)
    I2S_IRQHandler                           0x0000020f   Thumb Code     0  startup_lpc17xx.o(.text)
    MCPWM_IRQHandler                         0x0000020f   Thumb Code     0  startup_lpc17xx.o(.text)
    PLL0_IRQHandler                          0x0000020f   Thumb Code     0  startup_lpc17xx.o(.text)
    PLL1_IRQHandler                          0x0000020f   Thumb Code     0  startup_lpc17xx.o(.text)
    PWM1_IRQHandler                          0x0000020f   Thumb Code     0  startup_lpc17xx.o(.text)
    QEI_IRQHandler                           0x0000020f   Thumb Code     0  startup_lpc17xx.o(.text)
    RTC_IRQHandler                           0x0000020f   Thumb Code     0  startup_lpc17xx.o(.text)
    SPI_IRQHandler                           0x0000020f   Thumb Code     0  startup_lpc17xx.o(.text)
    SSP0_IRQHandler                          0x0000020f   Thumb Code     0  startup_lpc17xx.o(.text)
    SSP1_IRQHandler                          0x0000020f   Thumb Code     0  startup_lpc17xx.o(.text)
    UART0_IRQHandler                         0x0000020f   Thumb Code     0  startup_lpc17xx.o(.text)
    UART1_IRQHandler                         0x0000020f   Thumb Code     0  startup_lpc17xx.o(.text)
    UART2_IRQHandler                         0x0000020f   Thumb Code     0  startup_lpc17xx.o(.text)
    UART3_IRQHandler                         0x0000020f   Thumb Code     0  startup_lpc17xx.o(.text)
    USBActivity_IRQHandler                   0x0000020f   Thumb Code     0  startup_lpc17xx.o(.text)
    USB_IRQHandler                           0x0000020f   Thumb Code     0  startup_lpc17xx.o(.text)
    WDT_IRQHandler                           0x0000020f   Thumb Code     0  startup_lpc17xx.o(.text)
    __user_initial_stackheap                 0x00000211   Thumb Code     0  startup_lpc17xx.o(.text)
    main                                     0x0000022d   Thumb Code   132  sample.o(.text)
    GetASCIICode                             0x000002b1   Thumb Code    42  asciilib.o(.text)
    __use_two_region_memory                  0x000002db   Thumb Code     2  heapauxi.o(.text)
    __rt_heap_escrow$2region                 0x000002dd   Thumb Code     2  heapauxi.o(.text)
    __rt_heap_expand$2region                 0x000002df   Thumb Code     2  heapauxi.o(.text)
    _sputc                                   0x000002e1   Thumb Code    10  _sputc.o(.text)
    exit                                     0x000002eb   Thumb Code    18  exit.o(.text)
    SystemInit                               0x00000301   Thumb Code   288  system_lpc17xx.o(.text)
    EINT0_IRQHandler                         0x00000431   Thumb Code    68  irq_button.o(.text)
    EINT1_IRQHandler                         0x00000475   Thumb Code    68  irq_button.o(.text)
    EINT2_IRQHandler                         0x000004b9   Thumb Code    68  irq_button.o(.text)
    BUTTON_init                              0x000004fd   Thumb Code   124  lib_button.o(.text)
    TIMER0_IRQHandler                        0x00000579   Thumb Code    62  irq_timer.o(.text)
    TIMER1_IRQHandler                        0x000005b9   Thumb Code    78  irq_timer.o(.text)
    TIMER2_IRQHandler                        0x00000609   Thumb Code    58  irq_timer.o(.text)
    TIMER3_IRQHandler                        0x00000645   Thumb Code    60  irq_timer.o(.text)
    enable_timer                             0x00000681   Thumb Code    38  lib_timer.o(.text)
    disable_timer                            0x000006a9   Thumb Code    38  lib_timer.o(.text)
    reset_timer                              0x000006d1   Thumb Code    42  lib_timer.o(.text)
    init_timer                               0x000006fd   Thumb Code   370  lib_timer.o(.text)
    RIT_IRQHandler                           0x00000871   Thumb Code   420  irq_rit.o(.text)
    enable_RIT                               0x00000a15   Thumb Code    16  lib_rit.o(.text)
    disable_RIT                              0x00000a25   Thumb Code    16  lib_rit.o(.text)
    reset_RIT                                0x00000a35   Thumb Code    12  lib_rit.o(.text)
    init_RIT                                 0x00000a41   Thumb Code    70  lib_rit.o(.text)
    LCD_Initialization                       0x00000a89   Thumb Code  4466  glcd.o(.text)
    LCD_Clear                                0x00001bfd   Thumb Code   292  glcd.o(.text)
    LCD_GetPoint                             0x00001d21   Thumb Code   356  glcd.o(.text)
    LCD_SetPoint                             0x00001e85   Thumb Code   322  glcd.o(.text)
    LCD_DrawLine                             0x00001fc9   Thumb Code   224  glcd.o(.text)
    PutChar                                  0x000020a9   Thumb Code   102  glcd.o(.text)
    GUI_Text                                 0x00002111   Thumb Code   158  glcd.o(.text)
    LCD_DrawCircle                           0x000021b1   Thumb Code   108  glcd.o(.text)
    draw_board                               0x0000221d   Thumb Code   364  board.o(.text)
    show_score                               0x000023a5   Thumb Code    58  board.o(.text)
    show_time                                0x000023e1   Thumb Code    58  board.o(.text)
    draw_edge                                0x0000241d   Thumb Code   212  board.o(.text)
    draw_wall                                0x000024f1   Thumb Code    64  board.o(.text)
    draw_pill                                0x00002531   Thumb Code    40  board.o(.text)
    draw_pacman                              0x00002559   Thumb Code    36  board.o(.text)
    show_win                                 0x0000257d   Thumb Code    40  board.o(.text)
    move_pacman                              0x000025b5   Thumb Code   446  game.o(.text)
    set_point                                0x00002775   Thumb Code   118  game.o(.text)
    set_direction                            0x000027ed   Thumb Code    12  game.o(.text)
    disableAll                               0x000027f9   Thumb Code    22  game.o(.text)
    enableAll                                0x00002811   Thumb Code    22  game.o(.text)
    pause                                    0x00002829   Thumb Code    52  game.o(.text)
    resume                                   0x00002865   Thumb Code    26  game.o(.text)
    joystick_init                            0x00002881   Thumb Code    50  lib_joystick.o(.text)
    __2sprintf                               0x000028b5   Thumb Code    34  noretval__2sprintf.o(.text)
    __printf                                 0x000028dd   Thumb Code   104  __printf.o(.text)
    _printf_int_dec                          0x00002945   Thumb Code   104  _printf_dec.o(.text)
    _printf_int_common                       0x000029bd   Thumb Code   178  _printf_intcommon.o(.text)
    _printf_char_common                      0x00002a7b   Thumb Code    32  _printf_char_common.o(.text)
    __user_setup_stackheap                   0x00002aa1   Thumb Code    74  sys_stackheap_outer.o(.text)
    __user_libspace                          0x00002aed   Thumb Code     8  libspace.o(.text)
    __user_perproc_libspace                  0x00002aed   Thumb Code     0  libspace.o(.text)
    __user_perthread_libspace                0x00002aed   Thumb Code     0  libspace.o(.text)
    _sys_exit                                0x00002af5   Thumb Code     8  sys_exit.o(.text)
    __I$use$semihosting                      0x00002b01   Thumb Code     0  use_no_semi.o(.text)
    __use_no_semihosting_swi                 0x00002b01   Thumb Code     2  use_no_semi.o(.text)
    __semihosting_library_function           0x00002b03   Thumb Code     0  indicate_semi.o(.text)
    Region$$Table$$Base                      0x000030f8   Number         0  anon$$obj.o(Region$$Table)
    Region$$Table$$Limit                     0x00003128   Number         0  anon$$obj.o(Region$$Table)
    board                                    0x10000000   Data         780  board.o(.data.board)
    InPause                                  0x2007c000   Data           1  game.o(.data.InPause)
    SystemFrequency                          0x2007c004   Data           4  system_lpc17xx.o(.data.SystemFrequency)
    cordX                                    0x2007c008   Data           1  game.o(.data.cordX)
    cordY                                    0x2007c009   Data           1  game.o(.data.cordY)
    direction                                0x2007c00a   Data           1  game.o(.data.direction)
    n_pills                                  0x2007c00b   Data           1  game.o(.data.n_pills)
    time                                     0x2007c00c   Data           1  game.o(.data.time)
    __libspace_start                         0x2007c010   Data          96  libspace.o(.bss)
    __temporary_stack_top$libspace           0x2007c070   Data           0  libspace.o(.bss)
    down_0                                   0x2007c080   Data           4  irq_rit.o(.bss.down_0)
    down_1                                   0x2007c084   Data           4  irq_rit.o(.bss.down_1)
    down_2                                   0x2007c088   Data           4  irq_rit.o(.bss.down_2)
    score                                    0x2007c08c   Data           4  game.o(.bss.score)



==============================================================================

Memory Map of the image

  Image Entry point : 0x000000cd

  Load Region LR_IROM1 (Base: 0x00000000, Size: 0x00003448, Max: 0x00080000, ABSOLUTE, COMPRESSED[0x000031c8])

    Execution Region ER_IROM1 (Exec base: 0x00000000, Load base: 0x00000000, Size: 0x00003128, Max: 0x00080000, ABSOLUTE)

    Exec Addr    Load Addr    Size         Type   Attr      Idx    E Section Name        Object

    0x00000000   0x00000000   0x000000cc   Data   RO            3    RESET               startup_lpc17xx.o
    0x000000cc   0x000000cc   0x00000008   Code   RO          200  * !!!main             c_w.l(__main.o)
    0x000000d4   0x000000d4   0x0000005c   Code   RO          378    !!!scatter          c_w.l(__scatter.o)
    0x00000130   0x00000130   0x0000005a   Code   RO          376    !!dczerorl2         c_w.l(__dczerorl2.o)
    0x0000018a   0x0000018a   0x00000002   PAD
    0x0000018c   0x0000018c   0x0000001a   Code   RO          382    !!handler_copy      c_w.l(__scatter_copy.o)
    0x000001a6   0x000001a6   0x00000002   PAD
    0x000001a8   0x000001a8   0x00000002   Code   RO          379    !!handler_null      c_w.l(__scatter.o)
    0x000001aa   0x000001aa   0x00000002   PAD
    0x000001ac   0x000001ac   0x0000001c   Code   RO          384    !!handler_zi        c_w.l(__scatter_zi.o)
    0x000001c8   0x000001c8   0x00000000   Code   RO          195    .ARM.Collect$$_printf_percent$$00000000  c_w.l(_printf_percent.o)
    0x000001c8   0x000001c8   0x00000006   Code   RO          194    .ARM.Collect$$_printf_percent$$00000009  c_w.l(_printf_d.o)
    0x000001ce   0x000001ce   0x00000004   Code   RO          209    .ARM.Collect$$_printf_percent$$00000017  c_w.l(_printf_percent_end.o)
    0x000001d2   0x000001d2   0x00000002   Code   RO          238    .ARM.Collect$$libinit$$00000000  c_w.l(libinit.o)
    0x000001d4   0x000001d4   0x00000000   Code   RO          245    .ARM.Collect$$libinit$$00000002  c_w.l(libinit2.o)
    0x000001d4   0x000001d4   0x00000000   Code   RO          247    .ARM.Collect$$libinit$$00000004  c_w.l(libinit2.o)
    0x000001d4   0x000001d4   0x00000000   Code   RO          249    .ARM.Collect$$libinit$$00000006  c_w.l(libinit2.o)
    0x000001d4   0x000001d4   0x00000000   Code   RO          252    .ARM.Collect$$libinit$$0000000C  c_w.l(libinit2.o)
    0x000001d4   0x000001d4   0x00000000   Code   RO          254    .ARM.Collect$$libinit$$0000000E  c_w.l(libinit2.o)
    0x000001d4   0x000001d4   0x00000000   Code   RO          256    .ARM.Collect$$libinit$$00000010  c_w.l(libinit2.o)
    0x000001d4   0x000001d4   0x00000000   Code   RO          259    .ARM.Collect$$libinit$$00000013  c_w.l(libinit2.o)
    0x000001d4   0x000001d4   0x00000000   Code   RO          261    .ARM.Collect$$libinit$$00000015  c_w.l(libinit2.o)
    0x000001d4   0x000001d4   0x00000000   Code   RO          263    .ARM.Collect$$libinit$$00000017  c_w.l(libinit2.o)
    0x000001d4   0x000001d4   0x00000000   Code   RO          265    .ARM.Collect$$libinit$$00000019  c_w.l(libinit2.o)
    0x000001d4   0x000001d4   0x00000000   Code   RO          267    .ARM.Collect$$libinit$$0000001B  c_w.l(libinit2.o)
    0x000001d4   0x000001d4   0x00000000   Code   RO          269    .ARM.Collect$$libinit$$0000001D  c_w.l(libinit2.o)
    0x000001d4   0x000001d4   0x00000000   Code   RO          271    .ARM.Collect$$libinit$$0000001F  c_w.l(libinit2.o)
    0x000001d4   0x000001d4   0x00000000   Code   RO          273    .ARM.Collect$$libinit$$00000021  c_w.l(libinit2.o)
    0x000001d4   0x000001d4   0x00000000   Code   RO          275    .ARM.Collect$$libinit$$00000023  c_w.l(libinit2.o)
    0x000001d4   0x000001d4   0x00000000   Code   RO          277    .ARM.Collect$$libinit$$00000025  c_w.l(libinit2.o)
    0x000001d4   0x000001d4   0x00000000   Code   RO          279    .ARM.Collect$$libinit$$00000027  c_w.l(libinit2.o)
    0x000001d4   0x000001d4   0x00000000   Code   RO          283    .ARM.Collect$$libinit$$0000002E  c_w.l(libinit2.o)
    0x000001d4   0x000001d4   0x00000000   Code   RO          285    .ARM.Collect$$libinit$$00000030  c_w.l(libinit2.o)
    0x000001d4   0x000001d4   0x00000000   Code   RO          287    .ARM.Collect$$libinit$$00000032  c_w.l(libinit2.o)
    0x000001d4   0x000001d4   0x00000000   Code   RO          289    .ARM.Collect$$libinit$$00000034  c_w.l(libinit2.o)
    0x000001d4   0x000001d4   0x00000002   Code   RO          290    .ARM.Collect$$libinit$$00000035  c_w.l(libinit2.o)
    0x000001d6   0x000001d6   0x00000002   Code   RO          312    .ARM.Collect$$libshutdown$$00000000  c_w.l(libshutdown.o)
    0x000001d8   0x000001d8   0x00000000   Code   RO          327    .ARM.Collect$$libshutdown$$00000002  c_w.l(libshutdown2.o)
    0x000001d8   0x000001d8   0x00000000   Code   RO          329    .ARM.Collect$$libshutdown$$00000004  c_w.l(libshutdown2.o)
    0x000001d8   0x000001d8   0x00000000   Code   RO          332    .ARM.Collect$$libshutdown$$00000007  c_w.l(libshutdown2.o)
    0x000001d8   0x000001d8   0x00000000   Code   RO          335    .ARM.Collect$$libshutdown$$0000000A  c_w.l(libshutdown2.o)
    0x000001d8   0x000001d8   0x00000000   Code   RO          337    .ARM.Collect$$libshutdown$$0000000C  c_w.l(libshutdown2.o)
    0x000001d8   0x000001d8   0x00000000   Code   RO          340    .ARM.Collect$$libshutdown$$0000000F  c_w.l(libshutdown2.o)
    0x000001d8   0x000001d8   0x00000002   Code   RO          341    .ARM.Collect$$libshutdown$$00000010  c_w.l(libshutdown2.o)
    0x000001da   0x000001da   0x00000000   Code   RO          202    .ARM.Collect$$rtentry$$00000000  c_w.l(__rtentry.o)
    0x000001da   0x000001da   0x00000000   Code   RO          213    .ARM.Collect$$rtentry$$00000002  c_w.l(__rtentry2.o)
    0x000001da   0x000001da   0x00000006   Code   RO          225    .ARM.Collect$$rtentry$$00000004  c_w.l(__rtentry4.o)
    0x000001e0   0x000001e0   0x00000000   Code   RO          215    .ARM.Collect$$rtentry$$00000009  c_w.l(__rtentry2.o)
    0x000001e0   0x000001e0   0x00000004   Code   RO          216    .ARM.Collect$$rtentry$$0000000A  c_w.l(__rtentry2.o)
    0x000001e4   0x000001e4   0x00000000   Code   RO          218    .ARM.Collect$$rtentry$$0000000C  c_w.l(__rtentry2.o)
    0x000001e4   0x000001e4   0x00000008   Code   RO          219    .ARM.Collect$$rtentry$$0000000D  c_w.l(__rtentry2.o)
    0x000001ec   0x000001ec   0x00000002   Code   RO          242    .ARM.Collect$$rtexit$$00000000  c_w.l(rtexit.o)
    0x000001ee   0x000001ee   0x00000000   Code   RO          292    .ARM.Collect$$rtexit$$00000002  c_w.l(rtexit2.o)
    0x000001ee   0x000001ee   0x00000004   Code   RO          293    .ARM.Collect$$rtexit$$00000003  c_w.l(rtexit2.o)
    0x000001f2   0x000001f2   0x00000006   Code   RO          294    .ARM.Collect$$rtexit$$00000004  c_w.l(rtexit2.o)
    0x000001f8   0x000001f8   0x00000034   Code   RO            5    .text               startup_lpc17xx.o
    0x0000022c   0x0000022c   0x00000084   Code   RO           14    .text               sample.o
    0x000002b0   0x000002b0   0x0000002a   Code   RO           98    .text               asciilib.o
    0x000002da   0x000002da   0x00000006   Code   RO          198    .text               c_w.l(heapauxi.o)
    0x000002e0   0x000002e0   0x0000000a   Code   RO          207    .text               c_w.l(_sputc.o)
    0x000002ea   0x000002ea   0x00000012   Code   RO          231    .text               c_w.l(exit.o)
    0x000002fc   0x000002fc   0x00000004   Code   RO            4    .ARM.__at_0x02FC    startup_lpc17xx.o
    0x00000300   0x00000300   0x00000130   Code   RO           22    .text               system_lpc17xx.o
    0x00000430   0x00000430   0x000000cc   Code   RO           47    .text               irq_button.o
    0x000004fc   0x000004fc   0x0000007c   Code   RO           54    .text               lib_button.o
    0x00000578   0x00000578   0x00000108   Code   RO           61    .text               irq_timer.o
    0x00000680   0x00000680   0x000001ee   Code   RO           68    .text               lib_timer.o
    0x0000086e   0x0000086e   0x00000002   PAD
    0x00000870   0x00000870   0x000001a4   Code   RO           76    .text               irq_rit.o
    0x00000a14   0x00000a14   0x00000072   Code   RO           90    .text               lib_rit.o
    0x00000a86   0x00000a86   0x00000002   PAD
    0x00000a88   0x00000a88   0x00001794   Code   RO          107    .text               glcd.o
    0x0000221c   0x0000221c   0x00000398   Code   RO          125    .text               board.o
    0x000025b4   0x000025b4   0x000002ca   Code   RO          136    .text               game.o
    0x0000287e   0x0000287e   0x00000002   PAD
    0x00002880   0x00002880   0x00000032   Code   RO          157    .text               lib_joystick.o
    0x000028b2   0x000028b2   0x00000002   PAD
    0x000028b4   0x000028b4   0x00000028   Code   RO          168    .text               c_w.l(noretval__2sprintf.o)
    0x000028dc   0x000028dc   0x00000068   Code   RO          170    .text               c_w.l(__printf.o)
    0x00002944   0x00002944   0x00000078   Code   RO          172    .text               c_w.l(_printf_dec.o)
    0x000029bc   0x000029bc   0x000000b2   Code   RO          203    .text               c_w.l(_printf_intcommon.o)
    0x00002a6e   0x00002a6e   0x00000002   PAD
    0x00002a70   0x00002a70   0x00000030   Code   RO          205    .text               c_w.l(_printf_char_common.o)
    0x00002aa0   0x00002aa0   0x0000004a   Code   RO          229    .text               c_w.l(sys_stackheap_outer.o)
    0x00002aea   0x00002aea   0x00000002   PAD
    0x00002aec   0x00002aec   0x00000008   Code   RO          239    .text               c_w.l(libspace.o)
    0x00002af4   0x00002af4   0x0000000c   Code   RO          302    .text               c_w.l(sys_exit.o)
    0x00002b00   0x00002b00   0x00000002   Code   RO          317    .text               c_w.l(use_no_semi.o)
    0x00002b02   0x00002b02   0x00000000   Code   RO          319    .text               c_w.l(indicate_semi.o)
    0x00002b02   0x00002b02   0x000005f0   Data   RO          100    .rodata.AsciiLib    asciilib.o
    0x000030f2   0x000030f2   0x00000003   Data   RO          128    .rodata.str1.1      board.o
    0x000030f5   0x000030f5   0x00000003   PAD
    0x000030f8   0x000030f8   0x00000030   Data   RO          375    Region$$Table       anon$$obj.o


    Execution Region RW_IRAM1 (Exec base: 0x10000000, Load base: 0x00003128, Size: 0x0000030c, Max: 0x00008000, ABSOLUTE, COMPRESSED[0x0000008c])

    Exec Addr    Load Addr    Size         Type   Attr      Idx    E Section Name        Object

    0x10000000   COMPRESSED   0x0000030c   Data   RW          127    .data.board         board.o


    Execution Region RW_IRAM2 (Exec base: 0x2007c000, Load base: 0x000031b8, Size: 0x00000290, Max: 0x00008000, ABSOLUTE)

    Exec Addr    Load Addr    Size         Type   Attr      Idx    E Section Name        Object

    0x2007c000   0x000031b8   0x00000001   Data   RW          144    .data.InPause       game.o
    0x2007c001   0x000031b9   0x00000003   PAD
    0x2007c004   0x000031bc   0x00000004   Data   RW           24    .data.SystemFrequency  system_lpc17xx.o
    0x2007c008   0x000031c0   0x00000001   Data   RW          139    .data.cordX         game.o
    0x2007c009   0x000031c1   0x00000001   Data   RW          140    .data.cordY         game.o
    0x2007c00a   0x000031c2   0x00000001   Data   RW          138    .data.direction     game.o
    0x2007c00b   0x000031c3   0x00000001   Data   RW          143    .data.n_pills       game.o
    0x2007c00c   0x000031c4   0x00000001   Data   RW          141    .data.time          game.o
    0x2007c00d   0x000031c5   0x00000003   PAD
    0x2007c010        -       0x00000060   Zero   RW          240    .bss                c_w.l(libspace.o)
    0x2007c070        -       0x00000004   Zero   RW           82    .bss.RIT_IRQHandler.J_down  irq_rit.o
    0x2007c074        -       0x00000004   Zero   RW           83    .bss.RIT_IRQHandler.J_left  irq_rit.o
    0x2007c078        -       0x00000004   Zero   RW           84    .bss.RIT_IRQHandler.J_right  irq_rit.o
    0x2007c07c        -       0x00000004   Zero   RW           81    .bss.RIT_IRQHandler.J_up  irq_rit.o
    0x2007c080        -       0x00000004   Zero   RW           78    .bss.down_0         irq_rit.o
    0x2007c084        -       0x00000004   Zero   RW           79    .bss.down_1         irq_rit.o
    0x2007c088        -       0x00000004   Zero   RW           80    .bss.down_2         irq_rit.o
    0x2007c08c        -       0x00000004   Zero   RW          142    .bss.score          game.o
    0x2007c090        -       0x00000000   Zero   RW            2    HEAP                startup_lpc17xx.o
    0x2007c090        -       0x00000200   Zero   RW            1    STACK               startup_lpc17xx.o


==============================================================================

Image component sizes


      Code (inc. data)   RO Data    RW Data    ZI Data      Debug   Object Name

        42          0       1520          0          0        775   asciilib.o
       920         44          3        780          0       3924   board.o
       714         12          0          6          4       2305   game.o
      6036          0          0          0          0      18719   glcd.o
       204          0          0          0          0       4095   irq_button.o
       420          0          0          0         28       4937   irq_rit.o
       264          0          0          0          0       1640   irq_timer.o
       124          0          0          0          0       5658   lib_button.o
        50          0          0          0          0       2618   lib_joystick.o
       114          0          0          0          0       3648   lib_rit.o
       494         20          0          0          0       4954   lib_timer.o
       132          0          0          0          0       1762   sample.o
        56         22        204          0        512       1224   startup_lpc17xx.o
       304         20          0          4          0       1973   system_lpc17xx.o

    ----------------------------------------------------------------------
      9882        118       1778        796        544      58232   Object Totals
         0          0         48          0          0          0   (incl. Generated)
         8          0          3          6          0          0   (incl. Padding)

    ----------------------------------------------------------------------

      Code (inc. data)   RO Data    RW Data    ZI Data      Debug   Library Member Name

        90          0          0          0          0          0   __dczerorl2.o
         8          0          0          0          0         68   __main.o
       104          0          0          0          0         84   __printf.o
         0          0          0          0          0          0   __rtentry.o
        12          0          0          0          0          0   __rtentry2.o
         6          0          0          0          0          0   __rtentry4.o
        94          8          0          0          0          0   __scatter.o
        26          0          0          0          0          0   __scatter_copy.o
        28          0          0          0          0          0   __scatter_zi.o
        48          6          0          0          0         96   _printf_char_common.o
         6          0          0          0          0          0   _printf_d.o
       120         16          0          0          0         92   _printf_dec.o
       178          0          0          0          0         88   _printf_intcommon.o
         0          0          0          0          0          0   _printf_percent.o
         4          0          0          0          0          0   _printf_percent_end.o
        10          0          0          0          0         68   _sputc.o
        18          0          0          0          0         80   exit.o
         6          0          0          0          0        152   heapauxi.o
         0          0          0          0          0          0   indicate_semi.o
         2          0          0          0          0          0   libinit.o
         2          0          0          0          0          0   libinit2.o
         2          0          0          0          0          0   libshutdown.o
         2          0          0          0          0          0   libshutdown2.o
         8          4          0          0         96         68   libspace.o
        40          6          0          0          0         84   noretval__2sprintf.o
         2          0          0          0          0          0   rtexit.o
        10          0          0          0          0          0   rtexit2.o
        12          4          0          0          0         68   sys_exit.o
        74          0          0          0          0         80   sys_stackheap_outer.o
         2          0          0          0          0         68   use_no_semi.o

    ----------------------------------------------------------------------
       924         44          0          0         96       1096   Library Totals
        10          0          0          0          0          0   (incl. Padding)

    ----------------------------------------------------------------------

      Code (inc. data)   RO Data    RW Data    ZI Data      Debug   Library Name

       914         44          0          0         96       1096   c_w.l

    ----------------------------------------------------------------------
       924         44          0          0         96       1096   Library Totals

    ----------------------------------------------------------------------

==============================================================================


      Code (inc. data)   RO Data    RW Data    ZI Data      Debug   

     10806        162       1778        796        640      58804   Grand Totals
     10806        162       1778        156        640      58804   ELF Image Totals (compressed)
     10806        162       1778        156          0          0   ROM Totals

==============================================================================

    Total RO  Size (Code + RO Data)                12584 (  12.29kB)
    Total RW  Size (RW Data + ZI Data)              1436 (   1.40kB)
    Total ROM Size (Code + RO Data + RW Data)      12740 (  12.44kB)

==============================================================================

